Received MSG from identifier bar who says: Hello, friend.
Received MSG from identifier zoo who says: Where is Jessica Hyde?
Received MSG from identifier bar who says: I have no idea.
Received MSG from identifier zoo who says: Neither do I. Good day!
Received MSG from identifier breq who says: Late to the party!
Received MSG from identifier breq who says: Late to the party!
